// Jest Snapshot v1, https://goo.gl/fbAQLP

exports[`Notification should be able to create a notification 1`] = `
Notification {
  "props": Object {
    "category": "social",
    "content": Content {
      "_content": "Nova Solicitação de amizade",
    },
    "createdAt": 2022-12-14T02:57:11.389Z,
    "recipientId": "example-recipient-id",
  },
}
`;
